00:00 +0: loading C:/Users/yuvra/OneDrive/Desktop/learning/flutter/anukul-app/test/calculator_brain_test.dart
00:00 +0: C:/Users/yuvra/OneDrive/Desktop/learning/flutter/anukul-app/test/calculator_brain_test.dart: CalculatorBrain Calculates BMI correctly for normal weight
00:00 +1: C:/Users/yuvra/OneDrive/Desktop/learning/flutter/anukul-app/test/calculator_brain_test.dart: CalculatorBrain Calculates BMI correctly for overweight
00:00 +1 -1: C:/Users/yuvra/OneDrive/Desktop/learning/flutter/anukul-app/test/calculator_brain_test.dart: CalculatorBrain Calculates BMI correctly for overweight [E]
  Expected: '31.3'
    Actual: '31.2'
     Which: is different.
            Expected: 31.3
              Actual: 31.2
                         ^
             Differ at offset 3
  
  package:matcher                                     expect
  package:flutter_test/src/widget_tester.dart 473:18  expect
  test\calculator_brain_test.dart 15:7                main.<fn>.<fn>
  
00:00 +1 -1: C:/Users/yuvra/OneDrive/Desktop/learning/flutter/anukul-app/test/calculator_brain_test.dart: CalculatorBrain Calculates BMI correctly for underweight
00:04 +2 -2: loading C:/Users/yuvra/OneDrive/Desktop/learning/flutter/anukul-app/test/widget_test.dart [E]
  Failed to load "C:/Users/yuvra/OneDrive/Desktop/learning/flutter/anukul-app/test/widget_test.dart":
  Compilation failed for testPath=C:/Users/yuvra/OneDrive/Desktop/learning/flutter/anukul-app/test/widget_test.dart: test/widget_test.dart:16:35: Error: Couldn't find constructor 'MyApp'.
      await tester.pumpWidget(const MyApp());
                                    ^^^^^
  .
00:04 +2 -2: Some tests failed.
